✔ 参考库全部233个文件和236帧均收录，原文件哈希一致 (34.3204ms)
✔ 233个精灵的236帧 CSS 像素与源图可见RGBA逐像素一致 (47.1008ms)
✔ GIF保留四帧及原始帧时长，并用CSS离散动画切换 (3.0475ms)
✔ 八关背景、八张缩略图、首关对象图原文件齐全 (2.9506ms)
✔ 所有去重背景CSS图块可见RGBA一致，左上角没有透明孔 (111.2858ms)
✔ 合并后的游戏场景块与对应原始地图像素完全一致 (78.0725ms)
✔ 游戏采用的CSS硬边渐变与全部精灵、场景源像素一致 (44.2158ms)
✔ 每张地图的索引、尺寸与游戏裁取范围均有效 (4.2748ms)
✔ 游戏与素材页不依赖Canvas、SVG或位图绘制 (9.9034ms)
{"stressFrames":720000,"maxBullets":19,"maxEnemies":20}
✔ 初始标题不运行物理；开始时重置为三条命 (3.1457ms)
✔ 暂停冻结位置、子弹、射击计时与桥梁计时 (2.2145ms)
✔ 死亡和通关状态不能通过暂停意外复活 (0.3979ms)
✔ 重开恢复敌人、胶囊、桥梁、分数与镜头 (0.51ms)
✔ 无效时间步不会污染状态 (0.3839ms)
✔ 重开可选择三十命练习模式 (0.2807ms)
✔ 角色站在草地上不下沉 (5.0971ms)
✔ 行走速度按原作一像素每帧实现 (0.5595ms)
✔ 左右同时按下时保持原地 (1.0931ms)
✔ 起点左侧边界不能越出屏幕 (2.1681ms)
✔ 镜头向右推进，回头时不倒卷 (3.6787ms)
✔ 固定跳跃轨迹离开地面后重新落地 (1.4379ms)
✔ 长按跳跃不会自动二段跳或连跳 (1.5292ms)
✔ 释放后再次跳跃可以正常起跳 (1.0021ms)
✔ 趴下改变受击框，保持脚底和中心不变 (0.227ms)
✔ 下加跳跃可以从上层穿到下层 (1.1113ms)
✔ 上升时能穿过平台，下降时落在平台顶部 (1.1593ms)
✔ 平台落地使用最先接触的高度，不穿透上层 (0.1681ms)
✔ 掉进河水进入水中姿势而非立即死亡 (0.8285ms)
✔ 水中按下潜水，禁止移动和开火 (0.589ms)
✔ 水中可以跳回较低河岸 (0.7988ms)
✔ 爆炸桥接近后坍塌，之后不能站在原桥面 (1.3189ms)
✔ 无水深坑会损失生命并触发复活 (0.3845ms)
✔ 八方向射击：右 (0.2288ms)
✔ 八方向射击：左 (0.3056ms)
✔ 八方向射击：上 (0.219ms)
✔ 八方向射击：右上 (0.1893ms)
✔ 八方向射击：左上 (0.1975ms)
✔ 八方向射击：右下 (0.173ms)
✔ 八方向射击：左下 (0.1127ms)
✔ 跳跃时向正下方射击 (0.166ms)
✔ 趴下射击保持水平方向 (0.1225ms)
✔ 普通枪长按只打一发，新按键边缘再次射击 (1.4619ms)
✔ 普通枪屏幕弹数上限为四 (0.1669ms)
✔ 普通枪连续新按下不会被任意100毫秒冷却拦截 (0.131ms)
✔ H 连发手柄节流生效，不把每帧都变成开枪 (0.8498ms)
✔ M 机枪按8帧间隔连发，第六发后停顿 (0.3153ms)
✔ M 机枪上限六发，槽位释放后能恢复射击 (0.1525ms)
✔ S 单次五发、按原版顺序先中间再内外两对 (0.2816ms)
✔ S 总上限十发，剩余槽位不足五个也能生成部分散弹 (0.116ms)
✔ S 水平五发速度使用原版8.8表，R使用专用强化表 (0.3304ms)
✔ S 八方向均以瞄准方向为中心，镜像和转90度保持五向结构 (0.5022ms)
✔ S 槽位不足时优先中心弹，长按J不额外生成下一组 (0.1407ms)
✔ R 提升普通子弹弹速，不改变点射判定 (0.1382ms)
✔ F 火球按螺旋近似曲线飞行 (0.1778ms)
✔ L 生成四段，延迟对应1、4、7、10帧 (0.1969ms)
✔ L 持续按住等待当前光束消失后再发 (0.1035ms)
✔ L 重新按下会清除旧光束 (0.347ms)
✔ 击毁胶囊生成可拾取武器，而非自动装备 (0.2782ms)
✔ 拾取 M 替换当前武器，重复拾取不重复加分 (0.2936ms)
✔ 拾取 S 替换当前武器，重复拾取不重复加分 (0.1613ms)
✔ 拾取 F 替换当前武器，重复拾取不重复加分 (0.1436ms)
✔ 拾取 L 替换当前武器，重复拾取不重复加分 (0.0912ms)
✔ 拾取 N 替换当前武器，重复拾取不重复加分 (0.1301ms)
✔ B 护罩持续1024帧，期间受击不损失生命 (0.1544ms)
✔ 敌人死亡只计分一次 (0.1949ms)
✔ 远处敌人不在屏幕外开枪 (2.9105ms)
✔ 屏幕内炮台延迟后发射三发弹幕 (1.2168ms)
✔ 固定枪手向玩家所在侧开火，转身不改变位置或射击周期 (0.2604ms)
✔ 高速子弹不会跨越细目标而漏判 (0.2054ms)
✔ 同一直线多个目标只命中最先相交者 (0.1916ms)
✔ 玩家子弹不会伤害自己 (0.1978ms)
✔ 敌人子弹不会误伤敌人 (0.1702ms)
✔ 趴下可以避开站立胸口高度的子弹 (0.2153ms)
✔ 潜水可以避开敌方子弹 (0.2002ms)
✔ 同帧多发命中只扣一条命 (0.1327ms)
✔ 死亡丢失武器及R，复活保留分数和当前卷轴 (0.4581ms)
✔ 新生命无敌结束后可以再次受伤 (1.6365ms)
✔ 三条命耗尽后停在GAME OVER (0.2657ms)
✔ 加分奖励生命按20000、50000阈值触发一次 (0.1768ms)
✔ B护罩触碰敌人可以消灭敌人 (0.2039ms)
✔ 同时接触敌人和武器时，死亡的角色不会拾取武器 (0.2765ms)
✔ Boss关底镜头可达，碉堡启动后发射子弹 (1.249ms)
✔ 碉堡炮台可单独击毁，不直接通关 (0.1541ms)
✔ 核心被毁后延迟进入通关，期间不会被敌人杀死 (0.1602ms)
✔ 物理时钟在30/60/120/144 Hz显示下执行相同步数 (1.0668ms)
✔ 长帧最多补六步，切回页面不会瞬移 (0.1182ms)
✔ 暂停恢复时能清空残余物理时间 (0.1212ms)
✔ 离屏和超时子弹被移除 (0.2699ms)
✔ 事件队列与视觉事件不会无限堆积 (0.3299ms)
✔ 同样种子和输入产生一致状态 (79.4324ms)
✔ 所有卷轴复活点均位于当前屏幕内且可继续行动 (41.0373ms)
✔ 随机输入压力：120轮 × 6000帧，状态有限、实体数量有界 (2783.4102ms)
✔ 标题切换到CSS关卡后，重置能释放旧地形DOM (12.3764ms)
✔ 2000次重复渲染复用节点，暂停不推进动作与效果 (24.0414ms)
✔ 趴下、潜水、斜上射击均引用原版精灵 (1.6351ms)
✔ 断桥显示空洞，已击毁炮台和碉堡部件停止显示 (1.7511ms)
✔ 渲染器销毁时释放观察器与场景 (1.0247ms)
✔ 真实S枪生成的五颗弹在第16、32帧切换原版三段大小 (2.3913ms)
✔ M弹、普通敌弹和碉堡炮弹使用各自素材，不混成大散弹 (2.2669ms)
✔ 跑兵左右移动时六帧原图朝向一致，卷轴不会把身体反转 (1.9314ms)
✔ 枪手转向与原图镜像一致，玩家左右朝向保持正确 (1.7253ms)
✔ NES原始图块库保留3404图案与7836种配色组合 (8.0447ms)
✔ 2bpp按照MSB在左解码，低位平面1和高位平面2正确组合 (0.7255ms)
✔ 精灵色号FF透明，背景色号0F保持不透明 (0.1644ms)
{"playthroughSeed":1,"frames":4475,"deaths":8,"pickups":3,"score":8500,"lives":22}
{"playthroughSeed":7,"frames":4453,"deaths":8,"pickups":3,"score":8400,"lives":22}
{"playthroughSeed":27,"frames":4584,"deaths":9,"pickups":3,"score":8300,"lives":21}
{"playthroughSeed":42,"frames":4219,"deaths":6,"pickups":3,"score":8900,"lives":24}
{"playthroughSeed":123,"frames":4230,"deaths":6,"pickups":3,"score":8600,"lives":24}
{"playthroughSeed":256,"frames":4475,"deaths":8,"pickups":3,"score":8400,"lives":22}
{"playthroughSeed":512,"frames":4583,"deaths":9,"pickups":2,"score":8300,"lives":21}
{"playthroughSeed":1024,"frames":4455,"deaths":8,"pickups":2,"score":8100,"lives":22}
{"playthroughSeed":1337,"frames":4597,"deaths":9,"pickups":3,"score":8300,"lives":21}
{"playthroughSeed":9001,"frames":4347,"deaths":7,"pickups":3,"score":8500,"lives":23}
✔ 完整首关 / 种子 1：30命模式通过正常按键击破核心 (86.9753ms)
✔ 完整首关 / 种子 7：30命模式通过正常按键击破核心 (34.771ms)
✔ 完整首关 / 种子 27：30命模式通过正常按键击破核心 (36.1379ms)
✔ 完整首关 / 种子 42：30命模式通过正常按键击破核心 (24.1981ms)
✔ 完整首关 / 种子 123：30命模式通过正常按键击破核心 (27.8477ms)
✔ 完整首关 / 种子 256：30命模式通过正常按键击破核心 (18.8156ms)
✔ 完整首关 / 种子 512：30命模式通过正常按键击破核心 (23.8181ms)
✔ 完整首关 / 种子 1024：30命模式通过正常按键击破核心 (17.024ms)
✔ 完整首关 / 种子 1337：30命模式通过正常按键击破核心 (23.4448ms)
✔ 完整首关 / 种子 9001：30命模式通过正常按键击破核心 (16.8119ms)
✔ 三命失败路线进入GAME OVER，重试后可完整通关 (33.5875ms)
✔ 源表13屏各展开56块，异常RLE拒绝构建 (3.8841ms)
✔ 原版关键地形：起点96高、两座128宽断桥、末端192高 (0.395ms)
✔ 30个对象包括重复胶囊，按卷轴偏移加240解码 (0.6406ms)
✔ 飞行胶囊从左侧16像素进入，向右每秒90像素且绕原始高度摆动 (0.5854ms)
✔ 原始首个士兵在卷轴16才活动，提前射击不能命中隐藏对象 (0.7055ms)
✔ 只用按键的原版路线包含拾取、两座断桥与关底通关 (81.64ms)
✔ 出生点覆盖13屏所有卷轴，停留后不会落入深坑 (80.3732ms)
✔ 全部728个场景块对应原始地图裁剪，61种CSS块逐像素无损 (92.0315ms)
✔ 真实启动按钮进入游戏，隐藏菜单 (5.0991ms)
✔ 快速点按J，即使按下抬起发生在两帧之间也不会漏射 (2.7727ms)
✔ 快速点按跳跃不会因帧间释放而漏输入 (1.1508ms)
✔ 长按方向键移动，松开后停止 (2.2705ms)
✔ P暂停，恢复后旧方向键不会卡住 (2.4428ms)
✔ Enter键可开始、暂停与恢复 (1.5114ms)
✔ 窗口失焦会暂停并清除输入 (2.3566ms)
✔ 页面隐藏会暂停，重新可见后等待玩家手动恢复 (1.5073ms)
✔ 暂停时R重开，分数、生命和武器一并重置 (1.7167ms)
✔ 触屏支持同时移动和跳跃，取消指针后不会卡键 (2.2422ms)
✔ 丢失指针捕获会释放触屏射击 (3.3876ms)
✔ 触屏一帧之间的点射仍能触发子弹 (1.4225ms)
✔ 声音开关更新可访问状态，M可切换回来 (1.1595ms)
✔ 标题画面Konami代码开启30命，不影响默认模式 (2.828ms)
✔ 浏览器快捷键不被游戏当成输入 (1.4959ms)
ℹ tests 138
ℹ suites 0
ℹ pass 138
ℹ fail 0
ℹ cancelled 0
ℹ skipped 0
ℹ todo 0
ℹ duration_ms 3067.2024
